/home/s219110279/.conda/envs/typiclust/lib/python3.7/site-packages/torch/utils/data/dataloader.py:557: UserWarning: This DataLoader will create 8 worker processes in total. Our suggested max number of worker in current system is 3, which is smaller than what this DataLoader is going to create. Please be aware that excessive worker creation might get DataLoader running slow or even freeze, lower the worker number to avoid potential slowness/freeze if necessary.
  cpuset_checked))
/home/s219110279/.conda/envs/typiclust/lib/python3.7/site-packages/torch/utils/data/dataloader.py:557: UserWarning: This DataLoader will create 8 worker processes in total. Our suggested max number of worker in current system is 3, which is smaller than what this DataLoader is going to create. Please be aware that excessive worker creation might get DataLoader running slow or even freeze, lower the worker number to avoid potential slowness/freeze if necessary.
  cpuset_checked))
/home/s219110279/.conda/envs/typiclust/lib/python3.7/site-packages/torch/utils/data/dataloader.py:557: UserWarning: This DataLoader will create 8 worker processes in total. Our suggested max number of worker in current system is 3, which is smaller than what this DataLoader is going to create. Please be aware that excessive worker creation might get DataLoader running slow or even freeze, lower the worker number to avoid potential slowness/freeze if necessary.
  cpuset_checked))
/home/s219110279/.conda/envs/typiclust/lib/python3.7/site-packages/torch/utils/data/dataloader.py:557: UserWarning: This DataLoader will create 8 worker processes in total. Our suggested max number of worker in current system is 3, which is smaller than what this DataLoader is going to create. Please be aware that excessive worker creation might get DataLoader running slow or even freeze, lower the worker number to avoid potential slowness/freeze if necessary.
  cpuset_checked))
/home/s219110279/.conda/envs/typiclust/lib/python3.7/site-packages/torch/utils/data/dataloader.py:557: UserWarning: This DataLoader will create 8 worker processes in total. Our suggested max number of worker in current system is 3, which is smaller than what this DataLoader is going to create. Please be aware that excessive worker creation might get DataLoader running slow or even freeze, lower the worker number to avoid potential slowness/freeze if necessary.
  cpuset_checked))
/home/s219110279/.conda/envs/typiclust/lib/python3.7/site-packages/torch/utils/data/dataloader.py:557: UserWarning: This DataLoader will create 8 worker processes in total. Our suggested max number of worker in current system is 3, which is smaller than what this DataLoader is going to create. Please be aware that excessive worker creation might get DataLoader running slow or even freeze, lower the worker number to avoid potential slowness/freeze if necessary.
  cpuset_checked))
/home/s219110279/.conda/envs/typiclust/lib/python3.7/site-packages/torch/utils/data/dataloader.py:557: UserWarning: This DataLoader will create 8 worker processes in total. Our suggested max number of worker in current system is 3, which is smaller than what this DataLoader is going to create. Please be aware that excessive worker creation might get DataLoader running slow or even freeze, lower the worker number to avoid potential slowness/freeze if necessary.
  cpuset_checked))
/home/s219110279/.conda/envs/typiclust/lib/python3.7/site-packages/torch/utils/data/dataloader.py:557: UserWarning: This DataLoader will create 8 worker processes in total. Our suggested max number of worker in current system is 3, which is smaller than what this DataLoader is going to create. Please be aware that excessive worker creation might get DataLoader running slow or even freeze, lower the worker number to avoid potential slowness/freeze if necessary.
  cpuset_checked))
Traceback (most recent call last):
  File "train_al.py", line 997, in <module>
    main(cfg)
  File "train_al.py", line 488, in main
    activeSet, new_uSet = al_obj.sample_from_uSet(clf_model, lSet, uSet, train_data)
  File "/vast/s219110279/TypiClust/deep-al/pycls/al/ActiveLearning.py", line 224, in sample_from_uSet
    activeSet, uSet = tpc.select_samples()
  File "/vast/s219110279/TypiClust/deep-al/pycls/al/typiclust.py", line 86, in select_samples
    'neg_cluster_size': -1 * cluster_sizes})
  File "/home/s219110279/.conda/envs/typiclust/lib/python3.7/site-packages/pandas/core/frame.py", line 614, in __init__
    mgr = dict_to_mgr(data, index, columns, dtype=dtype, copy=copy, typ=manager)
  File "/home/s219110279/.conda/envs/typiclust/lib/python3.7/site-packages/pandas/core/internals/construction.py", line 465, in dict_to_mgr
    arrays, data_names, index, columns, dtype=dtype, typ=typ, consolidate=copy
  File "/home/s219110279/.conda/envs/typiclust/lib/python3.7/site-packages/pandas/core/internals/construction.py", line 119, in arrays_to_mgr
    index = _extract_index(arrays)
  File "/home/s219110279/.conda/envs/typiclust/lib/python3.7/site-packages/pandas/core/internals/construction.py", line 635, in _extract_index
    raise ValueError("All arrays must be of the same length")
ValueError: All arrays must be of the same length
